// Jest Snapshot v1, https://goo.gl/fbAQLP

exports[`Search form unit test it should render without crash 1`] = `ShallowWrapper {}`;
